./ch/qos/logback/logback-classic/1.5.18/logback-classic-1.5.18.jar
./ch/qos/logback/logback-core/1.5.18/logback-core-1.5.18.jar
./com/fasterxml/classmate/1.7.0/classmate-1.7.0.jar
./com/fasterxml/jackson/core/jackson-annotations/2.19.2/jackson-annotations-2.19.2.jar
./com/fasterxml/jackson/core/jackson-core/2.19.2/jackson-core-2.19.2.jar
./com/fasterxml/jackson/core/jackson-databind/2.19.2/jackson-databind-2.19.2.jar
./com/fasterxml/jackson/dataformat/jackson-dataformat-yaml/2.19.2/jackson-dataformat-yaml-2.19.2.jar
./com/fasterxml/jackson/datatype/jackson-datatype-jdk8/2.19.2/jackson-datatype-jdk8-2.19.2.jar
./com/fasterxml/jackson/datatype/jackson-datatype-jsr310/2.19.2/jackson-datatype-jsr310-2.19.2.jar
./com/fasterxml/jackson/module/jackson-module-parameter-names/2.19.2/jackson-module-parameter-names-2.19.2.jar
./com/github/ben-manes/caffeine/caffeine/3.1.8/caffeine-3.1.8.jar
./com/github/cliftonlabs/json-simple/3.0.2/json-simple-3.0.2.jar
./com/github/docker-java/docker-java-api/3.4.2/docker-java-api-3.4.2.jar
./com/github/docker-java/docker-java-transport/3.4.2/docker-java-transport-3.4.2.jar
./com/github/docker-java/docker-java-transport-zerodep/3.4.2/docker-java-transport-zerodep-3.4.2.jar
./com/github/luben/zstd-jni/1.5.5-11/zstd-jni-1.5.5-11.jar
./com/github/luben/zstd-jni/1.5.6-3/zstd-jni-1.5.6-3.jar
./com/github/virtuald/curvesapi/1.08/curvesapi-1.08.jar
./com/google/code/findbugs/jsr305/3.0.2/jsr305-3.0.2.jar
./com/google/errorprone/error_prone_annotations/2.21.1/error_prone_annotations-2.21.1.jar
./com/h2database/h2/2.3.232/h2-2.3.232.jar
./com/jayway/jsonpath/json-path/2.9.0/json-path-2.9.0.jar
./com/sun/istack/istack-commons-runtime/4.1.2/istack-commons-runtime-4.1.2.jar
./com/thoughtworks/qdox/qdox/2.0.3/qdox-2.0.3.jar
./com/thoughtworks/qdox/qdox/2.2.0/qdox-2.2.0.jar
./com/vaadin/external/google/android-json/0.0.20131108.vaadin1/android-json-0.0.20131108.vaadin1.jar
./com/zaxxer/HikariCP/6.3.1/HikariCP-6.3.1.jar
./com/zaxxer/SparseBitSet/1.3/SparseBitSet-1.3.jar
./commons-beanutils/commons-beanutils/1.9.4/commons-beanutils-1.9.4.jar
./commons-codec/commons-codec/1.16.1/commons-codec-1.16.1.jar
./commons-codec/commons-codec/1.17.0/commons-codec-1.17.0.jar
./commons-codec/commons-codec/1.17.1/commons-codec-1.17.1.jar
./commons-codec/commons-codec/1.18.0/commons-codec-1.18.0.jar
./commons-collections/commons-collections/3.2.2/commons-collections-3.2.2.jar
./commons-fileupload/commons-fileupload/1.5/commons-fileupload-1.5.jar
./commons-io/commons-io/2.11.0/commons-io-2.11.0.jar
./commons-io/commons-io/2.16.1/commons-io-2.16.1.jar
./commons-io/commons-io/2.18.0/commons-io-2.18.0.jar
./commons-logging/commons-logging/1.2/commons-logging-1.2.jar
./io/airlift/aircompressor/0.27/aircompressor-0.27.jar
./io/fabric8/kubernetes-client/7.4.0/kubernetes-client-7.4.0.jar
./io/fabric8/kubernetes-client-api/6.13.5/kubernetes-client-api-6.13.5.jar
./io/fabric8/kubernetes-httpclient-vertx/6.13.5/kubernetes-httpclient-vertx-6.13.5.jar
./io/fabric8/kubernetes-model-admissionregistration/6.13.5/kubernetes-model-admissionregistration-6.13.5.jar
./io/fabric8/kubernetes-model-apiextensions/6.13.5/kubernetes-model-apiextensions-6.13.5.jar
./io/fabric8/kubernetes-model-apps/6.13.5/kubernetes-model-apps-6.13.5.jar
./io/fabric8/kubernetes-model-autoscaling/6.13.5/kubernetes-model-autoscaling-6.13.5.jar
./io/fabric8/kubernetes-model-batch/6.13.5/kubernetes-model-batch-6.13.5.jar
./io/fabric8/kubernetes-model-certificates/6.13.5/kubernetes-model-certificates-6.13.5.jar
./io/fabric8/kubernetes-model-common/6.13.5/kubernetes-model-common-6.13.5.jar
./io/fabric8/kubernetes-model-coordination/6.13.5/kubernetes-model-coordination-6.13.5.jar
./io/fabric8/kubernetes-model-core/6.13.5/kubernetes-model-core-6.13.5.jar
./io/fabric8/kubernetes-model-discovery/6.13.5/kubernetes-model-discovery-6.13.5.jar
./io/fabric8/kubernetes-model-events/6.13.5/kubernetes-model-events-6.13.5.jar
./io/fabric8/kubernetes-model-extensions/6.13.5/kubernetes-model-extensions-6.13.5.jar
./io/fabric8/kubernetes-model-flowcontrol/6.13.5/kubernetes-model-flowcontrol-6.13.5.jar
./io/fabric8/kubernetes-model-gatewayapi/6.13.5/kubernetes-model-gatewayapi-6.13.5.jar
./io/fabric8/kubernetes-model-metrics/6.13.5/kubernetes-model-metrics-6.13.5.jar
./io/fabric8/kubernetes-model-networking/6.13.5/kubernetes-model-networking-6.13.5.jar
./io/fabric8/kubernetes-model-node/6.13.5/kubernetes-model-node-6.13.5.jar
./io/fabric8/kubernetes-model-policy/6.13.5/kubernetes-model-policy-6.13.5.jar
./io/fabric8/kubernetes-model-rbac/6.13.5/kubernetes-model-rbac-6.13.5.jar
./io/fabric8/kubernetes-model-resource/6.13.5/kubernetes-model-resource-6.13.5.jar
./io/fabric8/kubernetes-model-scheduling/6.13.5/kubernetes-model-scheduling-6.13.5.jar
./io/fabric8/kubernetes-model-storageclass/6.13.5/kubernetes-model-storageclass-6.13.5.jar
./io/fabric8/zjsonpatch/7.4.0/zjsonpatch-7.4.0.jar
./io/github/git-commit-id/git-commit-id-maven-plugin/9.0.2/git-commit-id-maven-plugin-9.0.2.jar
./io/github/openfeign/feign-core/13.5/feign-core-13.5.jar
./io/github/openfeign/feign-form/13.5/feign-form-13.5.jar
./io/github/openfeign/feign-form-spring/13.5/feign-form-spring-13.5.jar
./io/github/openfeign/feign-slf4j/13.5/feign-slf4j-13.5.jar
./io/jsonwebtoken/jjwt-api/0.12.6/jjwt-api-0.12.6.jar
./io/jsonwebtoken/jjwt-impl/0.12.6/jjwt-impl-0.12.6.jar
./io/jsonwebtoken/jjwt-jackson/0.12.6/jjwt-jackson-0.12.6.jar
./io/micrometer/micrometer-commons/1.14.9/micrometer-commons-1.14.9.jar
./io/micrometer/micrometer-commons/1.15.2/micrometer-commons-1.15.2.jar
./io/micrometer/micrometer-core/1.15.2/micrometer-core-1.15.2.jar
./io/micrometer/micrometer-jakarta9/1.15.2/micrometer-jakarta9-1.15.2.jar
./io/micrometer/micrometer-observation/1.14.9/micrometer-observation-1.14.9.jar
./io/micrometer/micrometer-observation/1.15.2/micrometer-observation-1.15.2.jar
./io/netty/netty-buffer/4.1.123.Final/netty-buffer-4.1.123.Final.jar
./io/netty/netty-codec/4.1.123.Final/netty-codec-4.1.123.Final.jar
./io/netty/netty-codec-dns/4.1.123.Final/netty-codec-dns-4.1.123.Final.jar
./io/netty/netty-codec-http/4.1.123.Final/netty-codec-http-4.1.123.Final.jar
./io/netty/netty-codec-http2/4.1.123.Final/netty-codec-http2-4.1.123.Final.jar
./io/netty/netty-codec-socks/4.1.123.Final/netty-codec-socks-4.1.123.Final.jar
./io/netty/netty-common/4.1.123.Final/netty-common-4.1.123.Final.jar
./io/netty/netty-handler/4.1.123.Final/netty-handler-4.1.123.Final.jar
./io/netty/netty-handler-proxy/4.1.123.Final/netty-handler-proxy-4.1.123.Final.jar
./io/netty/netty-resolver/4.1.123.Final/netty-resolver-4.1.123.Final.jar
./io/netty/netty-resolver-dns/4.1.123.Final/netty-resolver-dns-4.1.123.Final.jar
./io/netty/netty-transport/4.1.123.Final/netty-transport-4.1.123.Final.jar
./io/netty/netty-transport-native-unix-common/4.1.123.Final/netty-transport-native-unix-common-4.1.123.Final.jar
./io/smallrye/jandex/3.1.2/jandex-3.1.2.jar
./io/swagger/core/v3/swagger-annotations-jakarta/2.2.30/swagger-annotations-jakarta-2.2.30.jar
./io/swagger/core/v3/swagger-core-jakarta/2.2.30/swagger-core-jakarta-2.2.30.jar
./io/swagger/core/v3/swagger-models-jakarta/2.2.30/swagger-models-jakarta-2.2.30.jar
./io/vertx/vertx-auth-common/4.5.8/vertx-auth-common-4.5.8.jar
./io/vertx/vertx-core/4.5.8/vertx-core-4.5.8.jar
./io/vertx/vertx-web-client/4.5.8/vertx-web-client-4.5.8.jar
./io/vertx/vertx-web-common/4.5.8/vertx-web-common-4.5.8.jar
./jakarta/activation/jakarta.activation-api/2.1.3/jakarta.activation-api-2.1.3.jar
./jakarta/annotation/jakarta.annotation-api/2.1.1/jakarta.annotation-api-2.1.1.jar
./jakarta/inject/jakarta.inject-api/2.0.1/jakarta.inject-api-2.0.1.jar
./jakarta/persistence/jakarta.persistence-api/3.1.0/jakarta.persistence-api-3.1.0.jar
./jakarta/transaction/jakarta.transaction-api/2.0.1/jakarta.transaction-api-2.0.1.jar
./jakarta/validation/jakarta.validation-api/3.0.2/jakarta.validation-api-3.0.2.jar
./jakarta/xml/bind/jakarta.xml.bind-api/4.0.2/jakarta.xml.bind-api-4.0.2.jar
./javax/inject/javax.inject/1/javax.inject-1.jar
./junit/junit/4.13.2/junit-4.13.2.jar
./net/bytebuddy/byte-buddy/1.17.6/byte-buddy-1.17.6.jar
./net/bytebuddy/byte-buddy-agent/1.17.6/byte-buddy-agent-1.17.6.jar
./net/java/dev/jna/jna/5.13.0/jna-5.13.0.jar
./net/java/dev/jna/jna/5.17.0/jna-5.17.0.jar
./net/java/dev/jna/jna-platform/5.17.0/jna-platform-5.17.0.jar
./net/minidev/accessors-smart/2.5.2/accessors-smart-2.5.2.jar
./net/minidev/json-smart/2.5.2/json-smart-2.5.2.jar
./org/antlr/antlr4-runtime/4.13.0/antlr4-runtime-4.13.0.jar
./org/antlr/antlr4-runtime/4.7.2/antlr4-runtime-4.7.2.jar
./org/apache/commons/commons-collections4/4.4/commons-collections4-4.4.jar
./org/apache/commons/commons-compress/1.26.1/commons-compress-1.26.1.jar
./org/apache/commons/commons-compress/1.26.2/commons-compress-1.26.2.jar
./org/apache/commons/commons-compress/1.27.1/commons-compress-1.27.1.jar
./org/apache/commons/commons-digester3/3.2/commons-digester3-3.2.jar
./org/apache/commons/commons-lang3/3.12.0/commons-lang3-3.12.0.jar
./org/apache/commons/commons-lang3/3.14.0/commons-lang3-3.14.0.jar
./org/apache/commons/commons-lang3/3.16.0/commons-lang3-3.16.0.jar
./org/apache/commons/commons-lang3/3.17.0/commons-lang3-3.17.0.jar
./org/apache/commons/commons-math3/3.6.1/commons-math3-3.6.1.jar
./org/apache/commons/commons-text/1.12.0/commons-text-1.12.0.jar
./org/apache/httpcomponents/client5/httpclient5/5.5/httpclient5-5.5.jar
./org/apache/httpcomponents/core5/httpcore5/5.3.4/httpcore5-5.3.4.jar
./org/apache/httpcomponents/core5/httpcore5-h2/5.3.4/httpcore5-h2-5.3.4.jar
./org/apache/logging/log4j/log4j-api/2.24.3/log4j-api-2.24.3.jar
./org/apache/logging/log4j/log4j-to-slf4j/2.24.3/log4j-to-slf4j-2.24.3.jar
./org/apache/maven/doxia/doxia-core/2.0.0/doxia-core-2.0.0.jar
./org/apache/maven/doxia/doxia-integration-tools/2.0.0/doxia-integration-tools-2.0.0.jar
./org/apache/maven/doxia/doxia-module-apt/2.0.0/doxia-module-apt-2.0.0.jar
./org/apache/maven/doxia/doxia-module-xdoc/2.0.0/doxia-module-xdoc-2.0.0.jar
./org/apache/maven/doxia/doxia-module-xhtml5/2.0.0/doxia-module-xhtml5-2.0.0.jar
./org/apache/maven/doxia/doxia-sink-api/2.0.0/doxia-sink-api-2.0.0.jar
./org/apache/maven/doxia/doxia-site-model/2.0.0/doxia-site-model-2.0.0.jar
./org/apache/maven/doxia/doxia-site-renderer/2.0.0/doxia-site-renderer-2.0.0.jar
./org/apache/maven/doxia/doxia-skin-model/2.0.0/doxia-skin-model-2.0.0.jar
./org/apache/maven/maven-archiver/3.6.2/maven-archiver-3.6.2.jar
./org/apache/maven/plugins/maven-antrun-plugin/3.1.0/maven-antrun-plugin-3.1.0.jar
./org/apache/maven/plugins/maven-assembly-plugin/3.7.1/maven-assembly-plugin-3.7.1.jar
./org/apache/maven/plugins/maven-clean-plugin/3.4.1/maven-clean-plugin-3.4.1.jar
./org/apache/maven/plugins/maven-compiler-plugin/3.13.0/maven-compiler-plugin-3.13.0.jar
./org/apache/maven/plugins/maven-compiler-plugin/3.14.0/maven-compiler-plugin-3.14.0.jar
./org/apache/maven/plugins/maven-dependency-plugin/3.8.1/maven-dependency-plugin-3.8.1.jar
./org/apache/maven/plugins/maven-deploy-plugin/3.1.4/maven-deploy-plugin-3.1.4.jar
./org/apache/maven/plugins/maven-install-plugin/3.1.4/maven-install-plugin-3.1.4.jar
./org/apache/maven/plugins/maven-jar-plugin/3.4.2/maven-jar-plugin-3.4.2.jar
./org/apache/maven/plugins/maven-resources-plugin/3.3.1/maven-resources-plugin-3.3.1.jar
./org/apache/maven/plugins/maven-shade-plugin/3.6.0/maven-shade-plugin-3.6.0.jar
./org/apache/maven/plugins/maven-site-plugin/3.12.1/maven-site-plugin-3.12.1.jar
./org/apache/maven/plugins/maven-surefire-plugin/3.5.3/maven-surefire-plugin-3.5.3.jar
./org/apache/maven/reporting/maven-reporting-api/4.0.0/maven-reporting-api-4.0.0.jar
./org/apache/maven/reporting/maven-reporting-impl/4.0.0/maven-reporting-impl-4.0.0.jar
./org/apache/maven/resolver/maven-resolver-api/1.4.1/maven-resolver-api-1.4.1.jar
./org/apache/maven/resolver/maven-resolver-util/1.4.1/maven-resolver-util-1.4.1.jar
./org/apache/maven/shared/file-management/3.1.0/file-management-3.1.0.jar
./org/apache/maven/shared/maven-artifact-transfer/0.13.1/maven-artifact-transfer-0.13.1.jar
./org/apache/maven/shared/maven-common-artifact-filters/3.4.0/maven-common-artifact-filters-3.4.0.jar
./org/apache/maven/shared/maven-dependency-analyzer/1.15.0/maven-dependency-analyzer-1.15.0.jar
./org/apache/maven/shared/maven-dependency-tree/3.3.0/maven-dependency-tree-3.3.0.jar
./org/apache/maven/shared/maven-filtering/3.3.1/maven-filtering-3.3.1.jar
./org/apache/maven/shared/maven-shared-incremental/1.1/maven-shared-incremental-1.1.jar
./org/apache/maven/shared/maven-shared-utils/3.4.2/maven-shared-utils-3.4.2.jar
./org/apache/maven/surefire/common-java5/3.5.3/common-java5-3.5.3.jar
./org/apache/maven/surefire/maven-surefire-common/3.5.3/maven-surefire-common-3.5.3.jar
./org/apache/maven/surefire/surefire-api/3.5.3/surefire-api-3.5.3.jar
./org/apache/maven/surefire/surefire-booter/3.5.3/surefire-booter-3.5.3.jar
./org/apache/maven/surefire/surefire-extensions-api/3.5.3/surefire-extensions-api-3.5.3.jar
./org/apache/maven/surefire/surefire-extensions-spi/3.5.3/surefire-extensions-spi-3.5.3.jar
./org/apache/maven/surefire/surefire-junit-platform/3.5.3/surefire-junit-platform-3.5.3.jar
./org/apache/maven/surefire/surefire-logger-api/3.5.3/surefire-logger-api-3.5.3.jar
./org/apache/maven/surefire/surefire-shared-utils/3.5.3/surefire-shared-utils-3.5.3.jar
./org/apache/poi/poi/5.4.1/poi-5.4.1.jar
./org/apache/poi/poi-ooxml/5.4.1/poi-ooxml-5.4.1.jar
./org/apache/poi/poi-ooxml-lite/5.4.1/poi-ooxml-lite-5.4.1.jar
./org/apache/tomcat/embed/tomcat-embed-core/10.1.43/tomcat-embed-core-10.1.43.jar
./org/apache/tomcat/embed/tomcat-embed-el/10.1.43/tomcat-embed-el-10.1.43.jar
./org/apache/tomcat/embed/tomcat-embed-websocket/10.1.43/tomcat-embed-websocket-10.1.43.jar
./org/apache/velocity/tools/velocity-tools-generic/3.1/velocity-tools-generic-3.1.jar
./org/apache/velocity/velocity-engine-core/2.4/velocity-engine-core-2.4.jar
./org/apache/xmlbeans/xmlbeans/5.3.0/xmlbeans-5.3.0.jar
./org/apiguardian/apiguardian-api/1.1.2/apiguardian-api-1.1.2.jar
./org/aspectj/aspectjrt/1.9.22/aspectjrt-1.9.22.jar
./org/aspectj/aspectjweaver/1.9.22/aspectjweaver-1.9.22.jar
./org/assertj/assertj-core/3.27.3/assertj-core-3.27.3.jar
./org/awaitility/awaitility/4.2.2/awaitility-4.2.2.jar
./org/bouncycastle/bcprov-jdk18on/1.78.1/bcprov-jdk18on-1.78.1.jar
./org/checkerframework/checker-qual/3.37.0/checker-qual-3.37.0.jar
./org/codehaus/mojo/build-helper-maven-plugin/3.6.1/build-helper-maven-plugin-3.6.1.jar
./org/codehaus/plexus/plexus-archiver/4.10.0/plexus-archiver-4.10.0.jar
./org/codehaus/plexus/plexus-archiver/4.9.2/plexus-archiver-4.9.2.jar
./org/codehaus/plexus/plexus-classworlds/2.6.0/plexus-classworlds-2.6.0.jar
./org/codehaus/plexus/plexus-compiler-api/2.15.0/plexus-compiler-api-2.15.0.jar
./org/codehaus/plexus/plexus-compiler-javac/2.15.0/plexus-compiler-javac-2.15.0.jar
./org/codehaus/plexus/plexus-compiler-manager/2.15.0/plexus-compiler-manager-2.15.0.jar
./org/codehaus/plexus/plexus-component-annotations/2.0.0/plexus-component-annotations-2.0.0.jar
./org/codehaus/plexus/plexus-i18n/1.0-beta-10/plexus-i18n-1.0-beta-10.jar
./org/codehaus/plexus/plexus-interpolation/1.26/plexus-interpolation-1.26.jar
./org/codehaus/plexus/plexus-interpolation/1.27/plexus-interpolation-1.27.jar
./org/codehaus/plexus/plexus-io/3.4.2/plexus-io-3.4.2.jar
./org/codehaus/plexus/plexus-io/3.5.1/plexus-io-3.5.1.jar
./org/codehaus/plexus/plexus-java/1.2.0/plexus-java-1.2.0.jar
./org/codehaus/plexus/plexus-java/1.4.0/plexus-java-1.4.0.jar
./org/codehaus/plexus/plexus-utils/3.5.1/plexus-utils-3.5.1.jar
./org/codehaus/plexus/plexus-utils/4.0.0/plexus-utils-4.0.0.jar
./org/codehaus/plexus/plexus-utils/4.0.1/plexus-utils-4.0.1.jar
./org/codehaus/plexus/plexus-velocity/2.2.0/plexus-velocity-2.2.0.jar
./org/codehaus/plexus/plexus-xml/3.0.0/plexus-xml-3.0.0.jar
./org/codehaus/plexus/plexus-xml/3.0.1/plexus-xml-3.0.1.jar
./org/cyclonedx/cyclonedx-maven-plugin/2.9.1/cyclonedx-maven-plugin-2.9.1.jar
./org/eclipse/angus/angus-activation/2.0.2/angus-activation-2.0.2.jar
./org/eclipse/sisu/org.eclipse.sisu.inject/0.9.0.M3/org.eclipse.sisu.inject-0.9.0.M3.jar
./org/eclipse/sisu/org.eclipse.sisu.plexus/0.9.0.M3/org.eclipse.sisu.plexus-0.9.0.M3.jar
./org/flywaydb/flyway-maven-plugin/11.7.2/flyway-maven-plugin-11.7.2.jar
./org/glassfish/jaxb/jaxb-core/4.0.5/jaxb-core-4.0.5.jar
./org/glassfish/jaxb/jaxb-runtime/4.0.5/jaxb-runtime-4.0.5.jar
./org/glassfish/jaxb/txw2/4.0.5/txw2-4.0.5.jar
./org/hamcrest/hamcrest/3.0/hamcrest-3.0.jar
./org/hamcrest/hamcrest-core/3.0/hamcrest-core-3.0.jar
./org/hdrhistogram/HdrHistogram/2.2.2/HdrHistogram-2.2.2.jar
./org/hibernate/common/hibernate-commons-annotations/6.0.6.Final/hibernate-commons-annotations-6.0.6.Final.jar
./org/hibernate/orm/hibernate-core/6.4.4.Final/hibernate-core-6.4.4.Final.jar
./org/hibernate/validator/hibernate-validator/8.0.2.Final/hibernate-validator-8.0.2.Final.jar
./org/iq80/snappy/snappy/0.4/snappy-0.4.jar
./org/jboss/logging/jboss-logging/3.6.1.Final/jboss-logging-3.6.1.Final.jar
./org/jdom/jdom2/2.0.6.1/jdom2-2.0.6.1.jar
./org/jetbrains/annotations/17.0.0/annotations-17.0.0.jar
./org/jetbrains/kotlin/kotlin-maven-plugin/1.9.25/kotlin-maven-plugin-1.9.25.jar
./org/jooq/jooq-codegen-maven/3.19.24/jooq-codegen-maven-3.19.24.jar
./org/jspecify/jspecify/1.0.0/jspecify-1.0.0.jar
./org/junit/jupiter/junit-jupiter/5.12.2/junit-jupiter-5.12.2.jar
./org/junit/jupiter/junit-jupiter-api/5.12.2/junit-jupiter-api-5.12.2.jar
./org/junit/jupiter/junit-jupiter-engine/5.12.2/junit-jupiter-engine-5.12.2.jar
./org/junit/jupiter/junit-jupiter-params/5.12.2/junit-jupiter-params-5.12.2.jar
./org/junit/platform/junit-platform-commons/1.12.1/junit-platform-commons-1.12.1.jar
./org/junit/platform/junit-platform-commons/1.12.2/junit-platform-commons-1.12.2.jar
./org/junit/platform/junit-platform-engine/1.12.1/junit-platform-engine-1.12.1.jar
./org/junit/platform/junit-platform-engine/1.12.2/junit-platform-engine-1.12.2.jar
./org/junit/platform/junit-platform-launcher/1.12.1/junit-platform-launcher-1.12.1.jar
./org/junit/platform/junit-platform-launcher/1.12.2/junit-platform-launcher-1.12.2.jar
./org/latencyutils/LatencyUtils/2.0.3/LatencyUtils-2.0.3.jar
./org/liquibase/liquibase-maven-plugin/4.31.1/liquibase-maven-plugin-4.31.1.jar
./org/mapstruct/mapstruct/1.6.3/mapstruct-1.6.3.jar
./org/mapstruct/mapstruct-processor/1.6.3/mapstruct-processor-1.6.3.jar
./org/mockito/mockito-core/5.17.0/mockito-core-5.17.0.jar
./org/mockito/mockito-junit-jupiter/5.17.0/mockito-junit-jupiter-5.17.0.jar
./org/mybatis/mybatis/3.5.19/mybatis-3.5.19.jar
./org/mybatis/mybatis-spring/3.0.5/mybatis-spring-3.0.5.jar
./org/mybatis/spring/boot/mybatis-spring-boot-autoconfigure/3.0.5/mybatis-spring-boot-autoconfigure-3.0.5.jar
./org/mybatis/spring/boot/mybatis-spring-boot-starter/3.0.5/mybatis-spring-boot-starter-3.0.5.jar
./org/objenesis/objenesis/3.3/objenesis-3.3.jar
./org/opentest4j/opentest4j/1.3.0/opentest4j-1.3.0.jar
./org/ow2/asm/asm/9.6/asm-9.6.jar
./org/ow2/asm/asm/9.7/asm-9.7.jar
./org/ow2/asm/asm/9.7.1/asm-9.7.1.jar
./org/ow2/asm/asm-commons/9.7/asm-commons-9.7.jar
./org/ow2/asm/asm-tree/9.7/asm-tree-9.7.jar
./org/postgresql/postgresql/42.7.7/postgresql-42.7.7.jar
./org/projectlombok/lombok/1.18.36/lombok-1.18.36.jar
./org/rnorth/duct-tape/duct-tape/1.0.8/duct-tape-1.0.8.jar
./org/skyscreamer/jsonassert/1.5.3/jsonassert-1.5.3.jar
./org/slf4j/jul-to-slf4j/2.0.17/jul-to-slf4j-2.0.17.jar
./org/slf4j/slf4j-api/1.7.36/slf4j-api-1.7.36.jar
./org/slf4j/slf4j-api/2.0.17/slf4j-api-2.0.17.jar
./org/snakeyaml/snakeyaml-engine/2.7/snakeyaml-engine-2.7.jar
./org/sonatype/plexus/plexus-build-api/0.0.7/plexus-build-api-0.0.7.jar
./org/springdoc/springdoc-openapi-starter-common/2.8.8/springdoc-openapi-starter-common-2.8.8.jar
./org/springdoc/springdoc-openapi-starter-webmvc-api/2.8.8/springdoc-openapi-starter-webmvc-api-2.8.8.jar
./org/springdoc/springdoc-openapi-starter-webmvc-ui/2.8.8/springdoc-openapi-starter-webmvc-ui-2.8.8.jar
./org/springframework/boot/spring-boot/3.5.4/spring-boot-3.5.4.jar
./org/springframework/boot/spring-boot-actuator/3.5.4/spring-boot-actuator-3.5.4.jar
./org/springframework/boot/spring-boot-actuator-autoconfigure/3.5.4/spring-boot-actuator-autoconfigure-3.5.4.jar
./org/springframework/boot/spring-boot-autoconfigure/3.5.4/spring-boot-autoconfigure-3.5.4.jar
./org/springframework/boot/spring-boot-buildpack-platform/3.5.4/spring-boot-buildpack-platform-3.5.4.jar
./org/springframework/boot/spring-boot-devtools/3.5.4/spring-boot-devtools-3.5.4.jar
./org/springframework/boot/spring-boot-loader-tools/3.5.4/spring-boot-loader-tools-3.5.4.jar
./org/springframework/boot/spring-boot-maven-plugin/3.5.4/spring-boot-maven-plugin-3.5.4.jar
./org/springframework/boot/spring-boot-starter/3.5.4/spring-boot-starter-3.5.4.jar
./org/springframework/boot/spring-boot-starter-actuator/3.5.4/spring-boot-starter-actuator-3.5.4.jar
./org/springframework/boot/spring-boot-starter-cache/3.5.4/spring-boot-starter-cache-3.5.4.jar
./org/springframework/boot/spring-boot-starter-data-jpa/3.5.4/spring-boot-starter-data-jpa-3.5.4.jar
./org/springframework/boot/spring-boot-starter-jdbc/3.5.4/spring-boot-starter-jdbc-3.5.4.jar
./org/springframework/boot/spring-boot-starter-json/3.5.4/spring-boot-starter-json-3.5.4.jar
./org/springframework/boot/spring-boot-starter-logging/3.5.4/spring-boot-starter-logging-3.5.4.jar
./org/springframework/boot/spring-boot-starter-security/3.5.4/spring-boot-starter-security-3.5.4.jar
./org/springframework/boot/spring-boot-starter-test/3.5.4/spring-boot-starter-test-3.5.4.jar
./org/springframework/boot/spring-boot-starter-tomcat/3.5.4/spring-boot-starter-tomcat-3.5.4.jar
./org/springframework/boot/spring-boot-starter-validation/3.5.4/spring-boot-starter-validation-3.5.4.jar
./org/springframework/boot/spring-boot-starter-web/3.5.4/spring-boot-starter-web-3.5.4.jar
./org/springframework/boot/spring-boot-test/3.5.4/spring-boot-test-3.5.4.jar
./org/springframework/boot/spring-boot-test-autoconfigure/3.5.4/spring-boot-test-autoconfigure-3.5.4.jar
./org/springframework/cloud/spring-cloud-commons/4.2.1/spring-cloud-commons-4.2.1.jar
./org/springframework/cloud/spring-cloud-context/4.2.1/spring-cloud-context-4.2.1.jar
./org/springframework/cloud/spring-cloud-openfeign-core/4.2.1/spring-cloud-openfeign-core-4.2.1.jar
./org/springframework/cloud/spring-cloud-starter/4.2.1/spring-cloud-starter-4.2.1.jar
./org/springframework/cloud/spring-cloud-starter-openfeign/4.1.4/spring-cloud-starter-openfeign-4.1.4.jar
./org/springframework/data/spring-data-commons/3.5.2/spring-data-commons-3.5.2.jar
./org/springframework/data/spring-data-jpa/3.5.2/spring-data-jpa-3.5.2.jar
./org/springframework/security/spring-security-config/6.4.4/spring-security-config-6.4.4.jar
./org/springframework/security/spring-security-core/6.4.4/spring-security-core-6.4.4.jar
./org/springframework/security/spring-security-crypto/6.4.4/spring-security-crypto-6.4.4.jar
./org/springframework/security/spring-security-test/6.4.4/spring-security-test-6.4.4.jar
./org/springframework/security/spring-security-web/6.4.4/spring-security-web-6.4.4.jar
./org/springframework/spring-aop/6.2.9/spring-aop-6.2.9.jar
./org/springframework/spring-aspects/6.2.9/spring-aspects-6.2.9.jar
./org/springframework/spring-beans/6.2.9/spring-beans-6.2.9.jar
./org/springframework/spring-context/6.2.9/spring-context-6.2.9.jar
./org/springframework/spring-context-support/6.2.9/spring-context-support-6.2.9.jar
./org/springframework/spring-core/6.2.9/spring-core-6.2.9.jar
./org/springframework/spring-expression/6.2.9/spring-expression-6.2.9.jar
./org/springframework/spring-jcl/6.2.9/spring-jcl-6.2.9.jar
./org/springframework/spring-jdbc/6.2.9/spring-jdbc-6.2.9.jar
./org/springframework/spring-orm/6.2.9/spring-orm-6.2.9.jar
./org/springframework/spring-test/6.2.9/spring-test-6.2.9.jar
./org/springframework/spring-tx/6.2.9/spring-tx-6.2.9.jar
./org/springframework/spring-web/6.2.9/spring-web-6.2.9.jar
./org/springframework/spring-webmvc/6.2.9/spring-webmvc-6.2.9.jar
./org/testcontainers/database-commons/1.21.2/database-commons-1.21.2.jar
./org/testcontainers/jdbc/1.21.2/jdbc-1.21.2.jar
./org/testcontainers/junit-jupiter/1.21.2/junit-jupiter-1.21.2.jar
./org/testcontainers/postgresql/1.21.2/postgresql-1.21.2.jar
./org/testcontainers/testcontainers/1.21.2/testcontainers-1.21.2.jar
./org/tomlj/tomlj/1.0.0/tomlj-1.0.0.jar
./org/tukaani/xz/1.9/xz-1.9.jar
./org/vafer/jdependency/2.10/jdependency-2.10.jar
./org/webjars/swagger-ui/5.21.0/swagger-ui-5.21.0.jar
./org/webjars/webjars-locator-lite/1.1.0/webjars-locator-lite-1.1.0.jar
./org/xmlunit/xmlunit-core/2.10.3/xmlunit-core-2.10.3.jar
./org/yaml/snakeyaml/2.4/snakeyaml-2.4.jar